2020-08-13 23:44:26,667 : INFO : Start of Prediction
2020-08-13 23:44:26,667 : INFO : run_id:2020-08-13_234426_745836856
2020-08-13 23:44:26,667 : INFO : Start of Data Load, validation and transformation
2020-08-13 23:44:26,667 : INFO : Start of Archiving Old Rejected Files...
2020-08-13 23:44:26,668 : INFO : End of Archiving Old Rejected Files...
2020-08-13 23:44:26,668 : INFO : Start of Archiving Old Validated Files...
2020-08-13 23:44:26,669 : INFO : End of Archiving Old Validated Files...
2020-08-13 23:44:26,670 : INFO : Start of Archiving Old Processed Files...
2020-08-13 23:44:26,672 : INFO : End of Archiving Old Processed Files...
2020-08-13 23:44:26,672 : INFO : Start of Archiving Old Result Files...
2020-08-13 23:44:26,673 : INFO : End of Archiving Old Result Files...
2020-08-13 23:44:26,673 : INFO : Start of Reading values From Schema...
2020-08-13 23:44:26,673 : INFO : End of Reading values From Schema...
2020-08-13 23:44:26,674 : INFO : Start of Validating Column Length...
2020-08-13 23:44:26,674 : INFO : End of Validating Column Length...
2020-08-13 23:44:26,674 : INFO : Start of Validating Missing Values...
2020-08-13 23:44:26,674 : INFO : End of Validating Missing Values...
2020-08-13 23:44:26,674 : INFO : Start of Replacing Missing Values with NULL...
2020-08-13 23:44:26,674 : INFO : End of Replacing Missing Values with NULL...
2020-08-13 23:44:26,674 : INFO : Start of Creating Table...
2020-08-13 23:44:26,674 : INFO : Opened prediction database successfully
2020-08-13 23:44:26,957 : INFO : CREATE TABLE prediction_raw_data_t column_name
2020-08-13 23:44:27,056 : INFO : ALTER TABLE prediction_raw_data_t ADD COLUMN
2020-08-13 23:44:27,199 : INFO : ALTER TABLE prediction_raw_data_t ADD COLUMN
2020-08-13 23:44:27,347 : INFO : ALTER TABLE prediction_raw_data_t ADD COLUMN
2020-08-13 23:44:27,463 : INFO : ALTER TABLE prediction_raw_data_t ADD COLUMN
2020-08-13 23:44:27,565 : INFO : ALTER TABLE prediction_raw_data_t ADD COLUMN
2020-08-13 23:44:27,673 : INFO : ALTER TABLE prediction_raw_data_t ADD COLUMN
2020-08-13 23:44:27,781 : INFO : ALTER TABLE prediction_raw_data_t ADD COLUMN
2020-08-13 23:44:27,912 : INFO : ALTER TABLE prediction_raw_data_t ADD COLUMN
2020-08-13 23:44:28,035 : INFO : ALTER TABLE prediction_raw_data_t ADD COLUMN
2020-08-13 23:44:28,150 : INFO : ALTER TABLE prediction_raw_data_t ADD COLUMN
2020-08-13 23:44:28,276 : INFO : ALTER TABLE prediction_raw_data_t ADD COLUMN
2020-08-13 23:44:28,363 : INFO : ALTER TABLE prediction_raw_data_t ADD COLUMN
2020-08-13 23:44:28,472 : INFO : ALTER TABLE prediction_raw_data_t ADD COLUMN
2020-08-13 23:44:28,583 : INFO : ALTER TABLE prediction_raw_data_t ADD COLUMN
2020-08-13 23:44:28,583 : INFO : End of Creating Table...
2020-08-13 23:44:28,584 : INFO : Opened prediction database successfully
2020-08-13 23:44:28,585 : INFO : Start of Inserting Data into Table...
2020-08-13 23:44:28,585 : INFO : End of Inserting Data into Table...
2020-08-13 23:44:28,585 : INFO : Start of Exporting Data into CSV...
2020-08-13 23:44:28,585 : INFO : Opened prediction database successfully
2020-08-13 23:44:28,586 : INFO : End of Exporting Data into CSV...
2020-08-13 23:44:28,587 : INFO : Start of Moving Processed Files...
2020-08-13 23:44:28,587 : INFO : End of Moving Processed Files...
2020-08-13 23:44:28,588 : INFO : End of Data Load, validation and transformation
2020-08-13 23:44:28,588 : INFO : Start of Preprocessing...
2020-08-13 23:44:28,588 : INFO : Start of reading dataset...
2020-08-13 23:44:28,604 : INFO : End of reading dataset...
2020-08-13 23:44:28,604 : INFO : Start of Droping Columns...
2020-08-13 23:44:28,606 : INFO : End of Droping Columns...
2020-08-13 23:44:28,606 : INFO : Start of replacing invalid values...
2020-08-13 23:44:28,620 : INFO : end of replacing invalid values...
2020-08-13 23:44:28,620 : INFO : Start of encode Categorical Values ...
2020-08-13 23:44:28,634 : INFO : end of encode Categorical Values...
2020-08-13 23:44:28,634 : INFO : Start of feature encoding...
2020-08-13 23:44:28,699 : INFO : End of feature encoding...
2020-08-13 23:44:28,701 : INFO : Start of Droping Columns...
2020-08-13 23:44:28,703 : INFO : End of Droping Columns...
2020-08-13 23:44:28,703 : INFO : Start of finding missing values...
2020-08-13 23:44:28,704 : INFO : End of finding missing values...
2020-08-13 23:44:28,705 : INFO : Start feature selection of dataset...
2020-08-13 23:44:28,709 : INFO : End feature selection of dataset...
2020-08-13 23:44:28,709 : INFO : Start of building final predictset...
2020-08-13 23:44:28,718 : INFO : End of building final predictset...
2020-08-13 23:44:28,719 : INFO : End of Preprocessing...
2020-08-13 23:44:28,719 : INFO : Start of Load Model
2020-08-13 23:44:28,719 : ERROR : Exception raised while Loading Model: must be str, not NoneType
Traceback (most recent call last):
  File "C:\Users\sreeh\Desktop\group project\actual project\apps\core\file_operation.py", line 71, in load_model
    with open('apps/models/' + file_name + '/' + file_name + '.sav', 'rb') as f:
TypeError: must be str, not NoneType
2020-08-13 23:44:28,719 : ERROR : Unsuccessful End of Prediction
Traceback (most recent call last):
  File "C:\Users\sreeh\Desktop\group project\actual project\apps\core\file_operation.py", line 71, in load_model
    with open('apps/models/' + file_name + '/' + file_name + '.sav', 'rb') as f:
TypeError: must be str, not NoneType

During handling of the above exception, another exception occurred:

Traceback (most recent call last):
  File "C:\Users\sreeh\Desktop\group project\actual project\apps\prediction\predict_model.py", line 55, in batch_predict_from_model
    model = self.fileOperation.load_model(file_name)
  File "C:\Users\sreeh\Desktop\group project\actual project\apps\core\file_operation.py", line 77, in load_model
    raise Exception()
Exception
