2020-08-14 00:16:52,956 : INFO : Start of Prediction
2020-08-14 00:16:52,956 : INFO : run_id:2020-08-14_001652_385383356
2020-08-14 00:16:52,956 : INFO : Start of Data Load, validation and transformation
2020-08-14 00:16:52,956 : INFO : Start of Archiving Old Rejected Files...
2020-08-14 00:16:52,956 : INFO : End of Archiving Old Rejected Files...
2020-08-14 00:16:52,956 : INFO : Start of Archiving Old Validated Files...
2020-08-14 00:16:52,959 : INFO : End of Archiving Old Validated Files...
2020-08-14 00:16:52,959 : INFO : Start of Archiving Old Processed Files...
2020-08-14 00:16:52,961 : INFO : End of Archiving Old Processed Files...
2020-08-14 00:16:52,962 : INFO : Start of Archiving Old Result Files...
2020-08-14 00:16:52,963 : INFO : End of Archiving Old Result Files...
2020-08-14 00:16:52,963 : INFO : Start of Reading values From Schema...
2020-08-14 00:16:52,963 : INFO : End of Reading values From Schema...
2020-08-14 00:16:52,963 : INFO : Start of Validating Column Length...
2020-08-14 00:16:52,972 : INFO : End of Validating Column Length...
2020-08-14 00:16:52,972 : INFO : Start of Validating Missing Values...
2020-08-14 00:16:52,984 : INFO : End of Validating Missing Values...
2020-08-14 00:16:52,984 : INFO : Start of Replacing Missing Values with NULL...
2020-08-14 00:16:52,997 : INFO : Credit_Approval_predict_data.csv: File Transformed successfully!!
2020-08-14 00:16:52,997 : INFO : End of Replacing Missing Values with NULL...
2020-08-14 00:16:52,997 : INFO : Start of Creating Table...
2020-08-14 00:16:52,998 : INFO : Opened prediction database successfully
2020-08-14 00:16:53,210 : INFO : CREATE TABLE prediction_raw_data_t column_name
2020-08-14 00:16:53,340 : INFO : ALTER TABLE prediction_raw_data_t ADD COLUMN
2020-08-14 00:16:53,462 : INFO : ALTER TABLE prediction_raw_data_t ADD COLUMN
2020-08-14 00:16:53,597 : INFO : ALTER TABLE prediction_raw_data_t ADD COLUMN
2020-08-14 00:16:53,712 : INFO : ALTER TABLE prediction_raw_data_t ADD COLUMN
2020-08-14 00:16:53,818 : INFO : ALTER TABLE prediction_raw_data_t ADD COLUMN
2020-08-14 00:16:53,944 : INFO : ALTER TABLE prediction_raw_data_t ADD COLUMN
2020-08-14 00:16:54,070 : INFO : ALTER TABLE prediction_raw_data_t ADD COLUMN
2020-08-14 00:16:54,209 : INFO : ALTER TABLE prediction_raw_data_t ADD COLUMN
2020-08-14 00:16:54,437 : INFO : ALTER TABLE prediction_raw_data_t ADD COLUMN
2020-08-14 00:16:54,614 : INFO : ALTER TABLE prediction_raw_data_t ADD COLUMN
2020-08-14 00:16:54,774 : INFO : ALTER TABLE prediction_raw_data_t ADD COLUMN
2020-08-14 00:16:54,958 : INFO : ALTER TABLE prediction_raw_data_t ADD COLUMN
2020-08-14 00:16:55,091 : INFO : ALTER TABLE prediction_raw_data_t ADD COLUMN
2020-08-14 00:16:55,196 : INFO : ALTER TABLE prediction_raw_data_t ADD COLUMN
2020-08-14 00:16:55,197 : INFO : End of Creating Table...
2020-08-14 00:16:55,198 : INFO : Opened prediction database successfully
2020-08-14 00:16:55,199 : INFO : Start of Inserting Data into Table...
2020-08-14 00:16:55,328 : INFO : End of Inserting Data into Table...
2020-08-14 00:16:55,328 : INFO : Start of Exporting Data into CSV...
2020-08-14 00:16:55,330 : INFO : Opened prediction database successfully
2020-08-14 00:16:55,332 : INFO : End of Exporting Data into CSV...
2020-08-14 00:16:55,332 : INFO : Start of Moving Processed Files...
2020-08-14 00:16:55,335 : INFO : Moved the already processed file Credit_Approval_predict_data.csv
2020-08-14 00:16:55,336 : INFO : End of Moving Processed Files...
2020-08-14 00:16:55,336 : INFO : End of Data Load, validation and transformation
2020-08-14 00:16:55,336 : INFO : Start of Preprocessing...
2020-08-14 00:16:55,337 : INFO : Start of reading dataset...
2020-08-14 00:16:55,352 : INFO : End of reading dataset...
2020-08-14 00:16:55,353 : INFO : Start of Droping Columns...
2020-08-14 00:16:55,360 : INFO : End of Droping Columns...
2020-08-14 00:16:55,361 : INFO : Start of replacing invalid values...
2020-08-14 00:16:55,496 : INFO : end of replacing invalid values...
2020-08-14 00:16:55,497 : INFO : Start of encode Categorical Values ...
2020-08-14 00:16:55,530 : INFO : end of encode Categorical Values...
2020-08-14 00:16:55,530 : INFO : Start of feature encoding...
2020-08-14 00:16:55,573 : INFO : End of feature encoding...
2020-08-14 00:16:55,575 : INFO : Start of Droping Columns...
2020-08-14 00:16:55,577 : INFO : End of Droping Columns...
2020-08-14 00:16:55,577 : INFO : Start of finding missing values...
2020-08-14 00:16:55,577 : INFO : End of finding missing values...
2020-08-14 00:16:55,578 : INFO : Start feature selection of dataset...
2020-08-14 00:16:55,579 : INFO : End feature selection of dataset...
2020-08-14 00:16:55,579 : INFO : Start of building final predictset...
2020-08-14 00:16:55,588 : INFO : End of building final predictset...
2020-08-14 00:16:55,588 : INFO : End of Preprocessing...
2020-08-14 00:16:55,588 : INFO : Start of Load Model
2020-08-14 00:16:55,588 : ERROR : Exception raised while Loading Model: must be str, not module
Traceback (most recent call last):
  File "C:\Users\sreeh\Desktop\group project\actual project\apps\core\file_operation.py", line 71, in load_model
    with open('apps/models/' + file_name + '/' + file_name + '.sav', 'rb') as f:
TypeError: must be str, not module
2020-08-14 00:16:55,589 : ERROR : Unsuccessful End of Prediction
Traceback (most recent call last):
  File "C:\Users\sreeh\Desktop\group project\actual project\apps\core\file_operation.py", line 71, in load_model
    with open('apps/models/' + file_name + '/' + file_name + '.sav', 'rb') as f:
TypeError: must be str, not module

During handling of the above exception, another exception occurred:

Traceback (most recent call last):
  File "C:\Users\sreeh\Desktop\group project\actual project\apps\prediction\predict_model.py", line 59, in batch_predict_from_model
    model = self.fileOperation.load_model(RandomForest)
  File "C:\Users\sreeh\Desktop\group project\actual project\apps\core\file_operation.py", line 77, in load_model
    raise Exception()
Exception
