2020-08-13 11:14:56,948 : INFO : Start of Training
2020-08-13 11:14:56,949 : INFO : Run_id:2020-08-13_111456_143984071
2020-08-13 11:14:56,949 : INFO : Start of Data Load, validation and transformation
2020-08-13 11:14:56,949 : INFO : Start of Archiving Old Rejected Files...
2020-08-13 11:14:56,949 : INFO : End of Archiving Old Rejected Files...
2020-08-13 11:14:56,949 : INFO : Start of Archiving Old Validated Files...
2020-08-13 11:14:56,949 : INFO : End of Archiving Old Validated Files...
2020-08-13 11:14:56,950 : INFO : Start of Archiving Old Processed Files...
2020-08-13 11:14:56,951 : INFO : End of Archiving Old Processed Files...
2020-08-13 11:14:56,952 : INFO : Start of Archiving Old Result Files...
2020-08-13 11:14:56,953 : INFO : End of Archiving Old Result Files...
2020-08-13 11:14:56,953 : INFO : Start of Reading values From Schema...
2020-08-13 11:14:56,953 : INFO : End of Reading values From Schema...
2020-08-13 11:14:56,953 : INFO : Start of Validating Column Length...
2020-08-13 11:14:56,961 : INFO : End of Validating Column Length...
2020-08-13 11:14:56,961 : INFO : Start of Validating Missing Values...
2020-08-13 11:14:56,974 : INFO : End of Validating Missing Values...
2020-08-13 11:14:56,974 : INFO : Start of Replacing Missing Values with NULL...
2020-08-13 11:14:56,994 : INFO : Credit_Approval_rename_data.csv: File Transformed successfully!!
2020-08-13 11:14:56,994 : INFO : End of Replacing Missing Values with NULL...
2020-08-13 11:14:56,995 : INFO : Start of Creating Table...
2020-08-13 11:14:56,995 : INFO : Opened training database successfully
2020-08-13 11:14:57,189 : INFO : CREATE TABLE training_raw_data_t column_name
2020-08-13 11:14:57,286 : INFO : ALTER TABLE training_raw_data_t ADD COLUMN
2020-08-13 11:14:57,477 : INFO : ALTER TABLE training_raw_data_t ADD COLUMN
2020-08-13 11:14:57,604 : INFO : ALTER TABLE training_raw_data_t ADD COLUMN
2020-08-13 11:14:57,793 : INFO : ALTER TABLE training_raw_data_t ADD COLUMN
2020-08-13 11:14:57,898 : INFO : ALTER TABLE training_raw_data_t ADD COLUMN
2020-08-13 11:14:58,024 : INFO : ALTER TABLE training_raw_data_t ADD COLUMN
2020-08-13 11:14:58,131 : INFO : ALTER TABLE training_raw_data_t ADD COLUMN
2020-08-13 11:14:58,236 : INFO : ALTER TABLE training_raw_data_t ADD COLUMN
2020-08-13 11:14:58,365 : INFO : ALTER TABLE training_raw_data_t ADD COLUMN
2020-08-13 11:14:58,493 : INFO : ALTER TABLE training_raw_data_t ADD COLUMN
2020-08-13 11:14:58,596 : INFO : ALTER TABLE training_raw_data_t ADD COLUMN
2020-08-13 11:14:58,714 : INFO : ALTER TABLE training_raw_data_t ADD COLUMN
2020-08-13 11:14:58,819 : INFO : ALTER TABLE training_raw_data_t ADD COLUMN
2020-08-13 11:14:58,925 : INFO : ALTER TABLE training_raw_data_t ADD COLUMN
2020-08-13 11:14:59,036 : INFO : ALTER TABLE training_raw_data_t ADD COLUMN
2020-08-13 11:14:59,038 : INFO : End of Creating Table...
2020-08-13 11:14:59,041 : INFO : Opened training database successfully
2020-08-13 11:14:59,041 : INFO : Start of Inserting Data into Table...
2020-08-13 11:16:26,635 : INFO : End of Inserting Data into Table...
2020-08-13 11:16:26,636 : INFO : Start of Exporting Data into CSV...
2020-08-13 11:16:26,642 : INFO : Opened training database successfully
2020-08-13 11:16:26,690 : INFO : End of Exporting Data into CSV...
2020-08-13 11:16:26,693 : INFO : Start of Moving Processed Files...
2020-08-13 11:16:26,700 : INFO : Moved the already processed file Credit_Approval_rename_data.csv
2020-08-13 11:16:26,701 : INFO : End of Moving Processed Files...
2020-08-13 11:16:26,702 : INFO : End of Data Load, validation and transformation
2020-08-13 11:16:26,702 : INFO : Start of Preprocessing...
2020-08-13 11:16:26,703 : INFO : Start of reading dataset...
2020-08-13 11:16:26,742 : INFO : End of reading dataset...
2020-08-13 11:16:26,743 : INFO : Start of Droping Columns...
2020-08-13 11:16:26,750 : INFO : End of Droping Columns...
2020-08-13 11:16:26,751 : INFO : Start of replacing invalid values...
2020-08-13 11:16:26,829 : INFO : end of replacing invalid values...
2020-08-13 11:16:26,829 : INFO : Start of encode Categorical Values ...
2020-08-13 11:16:26,848 : INFO : end of encode Categorical Values...
2020-08-13 11:16:26,848 : INFO : Start of feature encoding...
2020-08-13 11:16:26,871 : INFO : End of feature encoding...
2020-08-13 11:16:26,875 : INFO : Start of Droping Columns...
2020-08-13 11:16:26,878 : INFO : End of Droping Columns...
2020-08-13 11:16:26,878 : INFO : Start of finding missing values...
2020-08-13 11:16:26,886 : INFO : End of finding missing values...
2020-08-13 11:16:26,887 : INFO : Start of imputing missing values...
2020-08-13 11:16:26,898 : INFO : End of imputing missing values...
2020-08-13 11:16:26,898 : INFO : Start of feature encoding...
2020-08-13 11:16:26,909 : INFO : End of feature encoding...
2020-08-13 11:16:26,910 : INFO : Start of splitting features and label ...
2020-08-13 11:16:26,911 : ERROR : Exception raised while splitting features and label:"['Approved'] not found in axis"
Traceback (most recent call last):
  File "C:\Users\sreeh\Desktop\group project\actual project\apps\preprocess\preprocessor.py", line 272, in split_features_label
    axis=1)  # drop the columns specified and separate the feature columns
  File "C:\Users\sreeh\anaconda3\envs\Credit_Approval\lib\site-packages\pandas\core\frame.py", line 4117, in drop
    errors=errors,
  File "C:\Users\sreeh\anaconda3\envs\Credit_Approval\lib\site-packages\pandas\core\generic.py", line 3914, in drop
    obj = obj._drop_axis(labels, axis, level=level, errors=errors)
  File "C:\Users\sreeh\anaconda3\envs\Credit_Approval\lib\site-packages\pandas\core\generic.py", line 3946, in _drop_axis
    new_axis = axis.drop(labels, errors=errors)
  File "C:\Users\sreeh\anaconda3\envs\Credit_Approval\lib\site-packages\pandas\core\indexes\base.py", line 5340, in drop
    raise KeyError("{} not found in axis".format(labels[mask]))
KeyError: "['Approved'] not found in axis"
2020-08-13 11:16:26,915 : ERROR : Unsuccessful End of Preprocessing...
Traceback (most recent call last):
  File "C:\Users\sreeh\Desktop\group project\actual project\apps\preprocess\preprocessor.py", line 272, in split_features_label
    axis=1)  # drop the columns specified and separate the feature columns
  File "C:\Users\sreeh\anaconda3\envs\Credit_Approval\lib\site-packages\pandas\core\frame.py", line 4117, in drop
    errors=errors,
  File "C:\Users\sreeh\anaconda3\envs\Credit_Approval\lib\site-packages\pandas\core\generic.py", line 3914, in drop
    obj = obj._drop_axis(labels, axis, level=level, errors=errors)
  File "C:\Users\sreeh\anaconda3\envs\Credit_Approval\lib\site-packages\pandas\core\generic.py", line 3946, in _drop_axis
    new_axis = axis.drop(labels, errors=errors)
  File "C:\Users\sreeh\anaconda3\envs\Credit_Approval\lib\site-packages\pandas\core\indexes\base.py", line 5340, in drop
    raise KeyError("{} not found in axis".format(labels[mask]))
KeyError: "['Approved'] not found in axis"

During handling of the above exception, another exception occurred:

Traceback (most recent call last):
  File "C:\Users\sreeh\Desktop\group project\actual project\apps\preprocess\preprocessor.py", line 343, in preprocess_trainset
    self.X, self.y = self.split_features_label(data1, label_name='Approved')
  File "C:\Users\sreeh\Desktop\group project\actual project\apps\preprocess\preprocessor.py", line 278, in split_features_label
    raise Exception()
Exception
2020-08-13 11:16:26,916 : ERROR : Unsuccessful End of Training
Traceback (most recent call last):
  File "C:\Users\sreeh\Desktop\group project\actual project\apps\preprocess\preprocessor.py", line 272, in split_features_label
    axis=1)  # drop the columns specified and separate the feature columns
  File "C:\Users\sreeh\anaconda3\envs\Credit_Approval\lib\site-packages\pandas\core\frame.py", line 4117, in drop
    errors=errors,
  File "C:\Users\sreeh\anaconda3\envs\Credit_Approval\lib\site-packages\pandas\core\generic.py", line 3914, in drop
    obj = obj._drop_axis(labels, axis, level=level, errors=errors)
  File "C:\Users\sreeh\anaconda3\envs\Credit_Approval\lib\site-packages\pandas\core\generic.py", line 3946, in _drop_axis
    new_axis = axis.drop(labels, errors=errors)
  File "C:\Users\sreeh\anaconda3\envs\Credit_Approval\lib\site-packages\pandas\core\indexes\base.py", line 5340, in drop
    raise KeyError("{} not found in axis".format(labels[mask]))
KeyError: "['Approved'] not found in axis"

During handling of the above exception, another exception occurred:

Traceback (most recent call last):
  File "C:\Users\sreeh\Desktop\group project\actual project\apps\preprocess\preprocessor.py", line 343, in preprocess_trainset
    self.X, self.y = self.split_features_label(data1, label_name='Approved')
  File "C:\Users\sreeh\Desktop\group project\actual project\apps\preprocess\preprocessor.py", line 278, in split_features_label
    raise Exception()
Exception

During handling of the above exception, another exception occurred:

Traceback (most recent call last):
  File "C:\Users\sreeh\Desktop\group project\actual project\apps\training\train_model.py", line 54, in training_model
    self.X, self.y = self.preProcess.preprocess_trainset()
  File "C:\Users\sreeh\Desktop\group project\actual project\apps\preprocess\preprocessor.py", line 348, in preprocess_trainset
    raise Exception
Exception
