2020-08-12 10:13:33,901 : INFO : Start of Training
2020-08-12 10:13:33,901 : INFO : Run_id:2020-08-12_101333_872762735
2020-08-12 10:13:33,901 : INFO : Start of Data Load, validation and transformation
2020-08-12 10:13:33,902 : INFO : Start of Archiving Old Rejected Files...
2020-08-12 10:13:33,902 : INFO : End of Archiving Old Rejected Files...
2020-08-12 10:13:33,902 : INFO : Start of Archiving Old Validated Files...
2020-08-12 10:13:33,907 : INFO : End of Archiving Old Validated Files...
2020-08-12 10:13:33,907 : INFO : Start of Archiving Old Processed Files...
2020-08-12 10:13:33,908 : INFO : End of Archiving Old Processed Files...
2020-08-12 10:13:33,908 : INFO : Start of Archiving Old Result Files...
2020-08-12 10:13:33,908 : INFO : End of Archiving Old Result Files...
2020-08-12 10:13:33,908 : INFO : Start of Reading values From Schema...
2020-08-12 10:13:33,909 : INFO : End of Reading values From Schema...
2020-08-12 10:13:33,909 : INFO : Start of Validating Column Length...
2020-08-12 10:13:33,918 : INFO : End of Validating Column Length...
2020-08-12 10:13:33,919 : INFO : Start of Validating Missing Values...
2020-08-12 10:13:33,934 : INFO : End of Validating Missing Values...
2020-08-12 10:13:33,934 : INFO : Start of Replacing Missing Values with NULL...
2020-08-12 10:13:33,967 : INFO : Credit_Approval_rename_data.csv: File Transformed successfully!!
2020-08-12 10:13:33,967 : INFO : End of Replacing Missing Values with NULL...
2020-08-12 10:13:33,967 : INFO : Start of Creating Table...
2020-08-12 10:13:33,968 : INFO : Opened training database successfully
2020-08-12 10:13:34,744 : INFO : CREATE TABLE training_raw_data_t column_name
2020-08-12 10:13:34,944 : INFO : ALTER TABLE training_raw_data_t ADD COLUMN
2020-08-12 10:13:35,129 : INFO : ALTER TABLE training_raw_data_t ADD COLUMN
2020-08-12 10:13:35,338 : INFO : ALTER TABLE training_raw_data_t ADD COLUMN
2020-08-12 10:13:35,520 : INFO : ALTER TABLE training_raw_data_t ADD COLUMN
2020-08-12 10:13:35,697 : INFO : ALTER TABLE training_raw_data_t ADD COLUMN
2020-08-12 10:13:35,869 : INFO : ALTER TABLE training_raw_data_t ADD COLUMN
2020-08-12 10:13:35,996 : INFO : ALTER TABLE training_raw_data_t ADD COLUMN
2020-08-12 10:13:36,114 : INFO : ALTER TABLE training_raw_data_t ADD COLUMN
2020-08-12 10:13:36,264 : INFO : ALTER TABLE training_raw_data_t ADD COLUMN
2020-08-12 10:13:36,399 : INFO : ALTER TABLE training_raw_data_t ADD COLUMN
2020-08-12 10:13:37,812 : INFO : ALTER TABLE training_raw_data_t ADD COLUMN
2020-08-12 10:13:37,945 : INFO : ALTER TABLE training_raw_data_t ADD COLUMN
2020-08-12 10:13:38,190 : INFO : ALTER TABLE training_raw_data_t ADD COLUMN
2020-08-12 10:13:38,339 : INFO : ALTER TABLE training_raw_data_t ADD COLUMN
2020-08-12 10:13:38,472 : INFO : ALTER TABLE training_raw_data_t ADD COLUMN
2020-08-12 10:13:38,472 : INFO : End of Creating Table...
2020-08-12 10:13:38,474 : INFO : Opened training database successfully
2020-08-12 10:13:38,479 : INFO : Start of Inserting Data into Table...
2020-08-12 10:15:09,778 : INFO : End of Inserting Data into Table...
2020-08-12 10:15:09,778 : INFO : Start of Exporting Data into CSV...
2020-08-12 10:15:09,780 : INFO : Opened training database successfully
2020-08-12 10:15:09,795 : INFO : End of Exporting Data into CSV...
2020-08-12 10:15:09,795 : INFO : Start of Moving Processed Files...
2020-08-12 10:15:09,797 : INFO : Moved the already processed file Credit_Approval_rename_data.csv
2020-08-12 10:15:09,797 : INFO : End of Moving Processed Files...
2020-08-12 10:15:09,797 : INFO : End of Data Load, validation and transformation
2020-08-12 10:15:09,797 : INFO : Start of Preprocessing...
2020-08-12 10:15:09,797 : INFO : Start of reading dataset...
2020-08-12 10:15:09,806 : INFO : End of reading dataset...
2020-08-12 10:15:09,806 : INFO : Start of Droping Columns...
2020-08-12 10:15:09,808 : INFO : End of Droping Columns...
2020-08-12 10:15:09,808 : INFO : Start of replacing invalid values...
2020-08-12 10:15:09,866 : INFO : end of replacing invalid values...
2020-08-12 10:15:09,866 : INFO : Start of encode Categorical Values ...
2020-08-12 10:15:09,886 : INFO : end of encode Categorical Values...
2020-08-12 10:15:09,886 : INFO : Start of feature encoding...
2020-08-12 10:15:09,910 : INFO : End of feature encoding...
2020-08-12 10:15:09,913 : INFO : Start of Droping Columns...
2020-08-12 10:15:09,915 : INFO : End of Droping Columns...
2020-08-12 10:15:09,915 : INFO : Start of finding missing values...
2020-08-12 10:15:09,926 : INFO : End of finding missing values...
2020-08-12 10:15:09,927 : INFO : Start of imputing missing values...
2020-08-12 10:15:09,937 : INFO : End of imputing missing values...
2020-08-12 10:15:09,938 : INFO : Start of splitting features and label ...
2020-08-12 10:15:09,939 : INFO : End of splitting features and label ...
2020-08-12 10:15:09,940 : INFO : End of Preprocessing...
2020-08-12 10:15:09,941 : INFO : Start of elbow plotting...
2020-08-12 10:15:12,012 : INFO : The optimum number of clusters is: 3
2020-08-12 10:15:12,013 : INFO : End of elbow plotting...
2020-08-12 10:15:12,013 : INFO : Start of Create clusters...
2020-08-12 10:15:12,194 : INFO : Start of Save Models
2020-08-12 10:15:12,194 : INFO : Start of Save Models
2020-08-12 10:15:12,214 : INFO : Model File KMeans saved
2020-08-12 10:15:12,214 : INFO : Model File KMeans saved
2020-08-12 10:15:12,215 : INFO : End of Save Models
2020-08-12 10:15:12,215 : INFO : End of Save Models
2020-08-12 10:15:12,222 : INFO : succesfully created 3clusters.
2020-08-12 10:15:12,222 : INFO : End of Create clusters...
2020-08-12 10:15:12,245 : INFO : Start of finding best model...
2020-08-12 10:15:12,245 : INFO : Start of finding best params for KNN algo...
2020-08-12 10:15:17,714 : ERROR : Exception raised while finding best params for knn algo:'n_neighbors'
Traceback (most recent call last):
  File "C:\Users\sreeh\Desktop\group project\actual project\apps\tuning\model_tuner.py", line 116, in get_best_params_for_KNN
    self.n_neighbors = self.grid.best_params_['n_neighbors']
KeyError: 'n_neighbors'
2020-08-12 10:15:17,714 : ERROR : Exception raised while finding best model:
Traceback (most recent call last):
  File "C:\Users\sreeh\Desktop\group project\actual project\apps\tuning\model_tuner.py", line 116, in get_best_params_for_KNN
    self.n_neighbors = self.grid.best_params_['n_neighbors']
KeyError: 'n_neighbors'

During handling of the above exception, another exception occurred:

Traceback (most recent call last):
  File "C:\Users\sreeh\Desktop\group project\actual project\apps\tuning\model_tuner.py", line 188, in get_best_model
    self.knn = self.get_best_params_for_KNN(train_x, train_y)
  File "C:\Users\sreeh\Desktop\group project\actual project\apps\tuning\model_tuner.py", line 130, in get_best_params_for_KNN
    raise Exception()
Exception
2020-08-12 10:15:17,714 : ERROR : Unsuccessful End of Training
Traceback (most recent call last):
  File "C:\Users\sreeh\Desktop\group project\actual project\apps\tuning\model_tuner.py", line 116, in get_best_params_for_KNN
    self.n_neighbors = self.grid.best_params_['n_neighbors']
KeyError: 'n_neighbors'

During handling of the above exception, another exception occurred:

Traceback (most recent call last):
  File "C:\Users\sreeh\Desktop\group project\actual project\apps\tuning\model_tuner.py", line 188, in get_best_model
    self.knn = self.get_best_params_for_KNN(train_x, train_y)
  File "C:\Users\sreeh\Desktop\group project\actual project\apps\tuning\model_tuner.py", line 130, in get_best_params_for_KNN
    raise Exception()
Exception

During handling of the above exception, another exception occurred:

Traceback (most recent call last):
  File "C:\Users\sreeh\Desktop\group project\actual project\apps\training\train_model.py", line 78, in training_model
    best_model_name, best_model = self.modelTuner.get_best_model(x_train, y_train, x_test, y_test)
  File "C:\Users\sreeh\Desktop\group project\actual project\apps\tuning\model_tuner.py", line 221, in get_best_model
    raise Exception()
Exception
