2020-08-12 09:35:52,866 : INFO : Start of Training
2020-08-12 09:35:52,866 : INFO : Run_id:2020-08-12_093552_523232510
2020-08-12 09:35:52,867 : INFO : Start of Data Load, validation and transformation
2020-08-12 09:35:52,867 : INFO : Start of Archiving Old Rejected Files...
2020-08-12 09:35:52,867 : INFO : End of Archiving Old Rejected Files...
2020-08-12 09:35:52,867 : INFO : Start of Archiving Old Validated Files...
2020-08-12 09:35:52,867 : INFO : End of Archiving Old Validated Files...
2020-08-12 09:35:52,867 : INFO : Start of Archiving Old Processed Files...
2020-08-12 09:35:52,867 : INFO : End of Archiving Old Processed Files...
2020-08-12 09:35:52,868 : INFO : Start of Archiving Old Result Files...
2020-08-12 09:35:53,700 : INFO : End of Archiving Old Result Files...
2020-08-12 09:35:53,701 : INFO : Start of Reading values From Schema...
2020-08-12 09:35:53,702 : INFO : End of Reading values From Schema...
2020-08-12 09:35:53,702 : INFO : Start of Validating Column Length...
2020-08-12 09:35:53,730 : INFO : End of Validating Column Length...
2020-08-12 09:35:53,731 : INFO : Start of Validating Missing Values...
2020-08-12 09:35:53,874 : INFO : End of Validating Missing Values...
2020-08-12 09:35:53,875 : INFO : Start of Replacing Missing Values with NULL...
2020-08-12 09:35:53,934 : INFO : Credit_Approval_rename_data.csv: File Transformed successfully!!
2020-08-12 09:35:53,934 : INFO : End of Replacing Missing Values with NULL...
2020-08-12 09:35:53,935 : INFO : Start of Creating Table...
2020-08-12 09:35:53,935 : INFO : Opened training database successfully
2020-08-12 09:35:54,137 : INFO : CREATE TABLE training_raw_data_t column_name
2020-08-12 09:35:54,286 : INFO : ALTER TABLE training_raw_data_t ADD COLUMN
2020-08-12 09:35:54,419 : INFO : ALTER TABLE training_raw_data_t ADD COLUMN
2020-08-12 09:35:54,558 : INFO : ALTER TABLE training_raw_data_t ADD COLUMN
2020-08-12 09:35:54,652 : INFO : ALTER TABLE training_raw_data_t ADD COLUMN
2020-08-12 09:35:54,768 : INFO : ALTER TABLE training_raw_data_t ADD COLUMN
2020-08-12 09:35:54,882 : INFO : ALTER TABLE training_raw_data_t ADD COLUMN
2020-08-12 09:35:55,027 : INFO : ALTER TABLE training_raw_data_t ADD COLUMN
2020-08-12 09:35:55,157 : INFO : ALTER TABLE training_raw_data_t ADD COLUMN
2020-08-12 09:35:55,253 : INFO : ALTER TABLE training_raw_data_t ADD COLUMN
2020-08-12 09:35:55,358 : INFO : ALTER TABLE training_raw_data_t ADD COLUMN
2020-08-12 09:35:55,465 : INFO : ALTER TABLE training_raw_data_t ADD COLUMN
2020-08-12 09:35:55,581 : INFO : ALTER TABLE training_raw_data_t ADD COLUMN
2020-08-12 09:35:55,698 : INFO : ALTER TABLE training_raw_data_t ADD COLUMN
2020-08-12 09:35:55,848 : INFO : ALTER TABLE training_raw_data_t ADD COLUMN
2020-08-12 09:35:55,986 : INFO : ALTER TABLE training_raw_data_t ADD COLUMN
2020-08-12 09:35:55,988 : INFO : End of Creating Table...
2020-08-12 09:35:55,992 : INFO : Opened training database successfully
2020-08-12 09:35:55,993 : INFO : Start of Inserting Data into Table...
2020-08-12 09:37:29,086 : INFO : End of Inserting Data into Table...
2020-08-12 09:37:29,087 : INFO : Start of Exporting Data into CSV...
2020-08-12 09:37:29,092 : INFO : Opened training database successfully
2020-08-12 09:37:29,135 : INFO : End of Exporting Data into CSV...
2020-08-12 09:37:29,137 : INFO : Start of Moving Processed Files...
2020-08-12 09:37:29,145 : INFO : Moved the already processed file Credit_Approval_rename_data.csv
2020-08-12 09:37:29,146 : INFO : End of Moving Processed Files...
2020-08-12 09:37:29,146 : INFO : End of Data Load, validation and transformation
2020-08-12 09:37:29,147 : INFO : Start of Preprocessing...
2020-08-12 09:37:29,147 : INFO : Start of reading dataset...
2020-08-12 09:37:29,179 : INFO : End of reading dataset...
2020-08-12 09:37:29,179 : INFO : Start of Droping Columns...
2020-08-12 09:37:29,185 : INFO : End of Droping Columns...
2020-08-12 09:37:29,185 : INFO : Start of replacing invalid values...
2020-08-12 09:37:29,394 : INFO : end of replacing invalid values...
2020-08-12 09:37:29,394 : INFO : Start of encode Categorical Values ...
2020-08-12 09:37:29,448 : INFO : end of encode Categorical Values...
2020-08-12 09:37:29,449 : INFO : Start of feature encoding...
2020-08-12 09:37:29,543 : INFO : End of feature encoding...
2020-08-12 09:37:29,551 : INFO : Start of Droping Columns...
2020-08-12 09:37:29,557 : INFO : End of Droping Columns...
2020-08-12 09:37:29,557 : INFO : Start of finding missing values...
2020-08-12 09:37:29,567 : INFO : End of finding missing values...
2020-08-12 09:37:29,567 : INFO : Start of imputing missing values...
2020-08-12 09:37:29,578 : INFO : End of imputing missing values...
2020-08-12 09:37:29,579 : INFO : Start of splitting features and label ...
2020-08-12 09:37:29,580 : INFO : End of splitting features and label ...
2020-08-12 09:37:29,580 : INFO : End of Preprocessing...
2020-08-12 09:37:29,595 : INFO : Start of elbow plotting...
2020-08-12 09:37:31,032 : INFO : The optimum number of clusters is: 3
2020-08-12 09:37:31,033 : INFO : End of elbow plotting...
2020-08-12 09:37:31,033 : INFO : Start of Create clusters...
2020-08-12 09:37:31,209 : INFO : Start of Save Models
2020-08-12 09:37:31,209 : INFO : Start of Save Models
2020-08-12 09:37:31,214 : INFO : Model File KMeans saved
2020-08-12 09:37:31,214 : INFO : Model File KMeans saved
2020-08-12 09:37:31,215 : INFO : End of Save Models
2020-08-12 09:37:31,215 : INFO : End of Save Models
2020-08-12 09:37:31,216 : INFO : succesfully created 3clusters.
2020-08-12 09:37:31,216 : INFO : End of Create clusters...
2020-08-12 09:37:31,220 : INFO : Start of finding best model...
2020-08-12 09:37:31,220 : INFO : Start of finding best params for KNN algo...
2020-08-12 09:37:39,569 : INFO : Knn Forest best params: {'algorithm': 'ball_tree', 'leaf_size': 10, 'n_neighbors': 2, 'p': 1}
2020-08-12 09:37:39,569 : INFO : End of finding best params for knn algo...
2020-08-12 09:37:39,683 : INFO : AUC for knn:0.5877568493150684
2020-08-12 09:37:39,683 : INFO : Start of finding best params for randomforest algo...
2020-08-12 09:38:00,712 : INFO : Random Forest best params: {'criterion': 'entropy', 'max_depth': 2, 'max_features': 'log2', 'n_estimators': 10}
2020-08-12 09:38:00,713 : INFO : End of finding best params for randomforest algo...
2020-08-12 09:38:00,716 : INFO : AUC for Random Forest:0.8251284246575342
2020-08-12 09:38:00,716 : INFO : End of finding best model...
2020-08-12 09:38:00,716 : INFO : Start of Save Models
2020-08-12 09:38:00,716 : INFO : Start of Save Models
2020-08-12 09:38:00,719 : INFO : Model File RandomForest0 saved
2020-08-12 09:38:00,719 : INFO : Model File RandomForest0 saved
2020-08-12 09:38:00,719 : INFO : End of Save Models
2020-08-12 09:38:00,719 : INFO : End of Save Models
2020-08-12 09:38:00,727 : INFO : Start of finding best model...
2020-08-12 09:38:00,727 : INFO : Start of finding best params for KNN algo...
2020-08-12 09:38:40,347 : INFO : Knn Forest best params: {'algorithm': 'ball_tree', 'leaf_size': 10, 'n_neighbors': 1, 'p': 1}
2020-08-12 09:38:40,347 : INFO : End of finding best params for knn algo...
2020-08-12 09:38:40,466 : INFO : Accuracy for knn:1.0
2020-08-12 09:38:40,467 : INFO : Start of finding best params for randomforest algo...
2020-08-12 09:38:40,476 : ERROR : Exception raised while finding best params for randomforest algo:Cannot have number of splits n_splits=5 greater than the number of samples: n_samples=3.
Traceback (most recent call last):
  File "C:\Users\sreeh\Desktop\group project\actual project\apps\tuning\model_tuner.py", line 56, in best_params_randomforest
    self.grid.fit(train_x, train_y)
  File "C:\Users\sreeh\AppData\Roaming\Python\Python36\site-packages\sklearn\model_selection\_search.py", line 710, in fit
    self._run_search(evaluate_candidates)
  File "C:\Users\sreeh\AppData\Roaming\Python\Python36\site-packages\sklearn\model_selection\_search.py", line 1151, in _run_search
    evaluate_candidates(ParameterGrid(self.param_grid))
  File "C:\Users\sreeh\AppData\Roaming\Python\Python36\site-packages\sklearn\model_selection\_search.py", line 689, in evaluate_candidates
    cv.split(X, y, groups)))
  File "C:\Users\sreeh\AppData\Roaming\Python\Python36\site-packages\sklearn\model_selection\_split.py", line 333, in split
    .format(self.n_splits, n_samples))
ValueError: Cannot have number of splits n_splits=5 greater than the number of samples: n_samples=3.
2020-08-12 09:38:40,906 : ERROR : Exception raised while finding best model:
Traceback (most recent call last):
  File "C:\Users\sreeh\Desktop\group project\actual project\apps\tuning\model_tuner.py", line 56, in best_params_randomforest
    self.grid.fit(train_x, train_y)
  File "C:\Users\sreeh\AppData\Roaming\Python\Python36\site-packages\sklearn\model_selection\_search.py", line 710, in fit
    self._run_search(evaluate_candidates)
  File "C:\Users\sreeh\AppData\Roaming\Python\Python36\site-packages\sklearn\model_selection\_search.py", line 1151, in _run_search
    evaluate_candidates(ParameterGrid(self.param_grid))
  File "C:\Users\sreeh\AppData\Roaming\Python\Python36\site-packages\sklearn\model_selection\_search.py", line 689, in evaluate_candidates
    cv.split(X, y, groups)))
  File "C:\Users\sreeh\AppData\Roaming\Python\Python36\site-packages\sklearn\model_selection\_split.py", line 333, in split
    .format(self.n_splits, n_samples))
ValueError: Cannot have number of splits n_splits=5 greater than the number of samples: n_samples=3.

During handling of the above exception, another exception occurred:

Traceback (most recent call last):
  File "C:\Users\sreeh\Desktop\group project\actual project\apps\tuning\model_tuner.py", line 194, in get_best_model
    self.random_forest = self.best_params_randomforest(train_x, train_y)
  File "C:\Users\sreeh\Desktop\group project\actual project\apps\tuning\model_tuner.py", line 75, in best_params_randomforest
    raise Exception()
Exception
2020-08-12 09:38:40,908 : ERROR : Unsuccessful End of Training
Traceback (most recent call last):
  File "C:\Users\sreeh\Desktop\group project\actual project\apps\tuning\model_tuner.py", line 56, in best_params_randomforest
    self.grid.fit(train_x, train_y)
  File "C:\Users\sreeh\AppData\Roaming\Python\Python36\site-packages\sklearn\model_selection\_search.py", line 710, in fit
    self._run_search(evaluate_candidates)
  File "C:\Users\sreeh\AppData\Roaming\Python\Python36\site-packages\sklearn\model_selection\_search.py", line 1151, in _run_search
    evaluate_candidates(ParameterGrid(self.param_grid))
  File "C:\Users\sreeh\AppData\Roaming\Python\Python36\site-packages\sklearn\model_selection\_search.py", line 689, in evaluate_candidates
    cv.split(X, y, groups)))
  File "C:\Users\sreeh\AppData\Roaming\Python\Python36\site-packages\sklearn\model_selection\_split.py", line 333, in split
    .format(self.n_splits, n_samples))
ValueError: Cannot have number of splits n_splits=5 greater than the number of samples: n_samples=3.

During handling of the above exception, another exception occurred:

Traceback (most recent call last):
  File "C:\Users\sreeh\Desktop\group project\actual project\apps\tuning\model_tuner.py", line 194, in get_best_model
    self.random_forest = self.best_params_randomforest(train_x, train_y)
  File "C:\Users\sreeh\Desktop\group project\actual project\apps\tuning\model_tuner.py", line 75, in best_params_randomforest
    raise Exception()
Exception

During handling of the above exception, another exception occurred:

Traceback (most recent call last):
  File "C:\Users\sreeh\Desktop\group project\actual project\apps\training\train_model.py", line 78, in training_model
    best_model_name, best_model = self.modelTuner.get_best_model(x_train, y_train, x_test, y_test)
  File "C:\Users\sreeh\Desktop\group project\actual project\apps\tuning\model_tuner.py", line 215, in get_best_model
    raise Exception()
Exception
